// Jest Snapshot v1, https://goo.gl/fbAQLP

exports[`Component - DatePickerInput renders 1`] = `
<DocumentFragment>
  <div
    class="box"
    data-teamleader-ui="date-picker-input"
  >
    <div
      class="box wrapper"
    >
      <div
        class="input-wrapper"
      >
        <div
          class="input-inner-wrapper"
          style="width: 120px; flex: 0 1 auto;"
        >
          <div
            class="prefix-wrapper"
          >
            <span
              class="box align-items-center display-flex margin-right-2 neutral darkest"
              data-teamleader-ui="icon"
            >
              <svg
                fill="currentColor"
                height="14"
                preserveAspectRatio="xMidYMid meet"
                style="opacity: 0.84; vertical-align: middle;"
                viewBox="0 0 14 14"
                width="14"
              >
                <path
                  clip-rule="evenodd"
                  d="M9 2a1 1 0 00-1 1H6a1 1 0 00-2 0c-1.103 0-2 .897-2 2v5c0 1.103.897 2 2 2h6c1.103 0 2-.897 2-2V5c0-1.103-.897-2-2-2a1 1 0 00-1-1zm1 8H4V6h6v4z"
                  fill="currentColor"
                  fill-rule="evenodd"
                />
              </svg>
            </span>
          </div>
          <input
            class="input is-medium"
            type="text"
            value="15/03/1965"
          />
        </div>
      </div>
    </div>
  </div>
</DocumentFragment>
`;
