// Jest Snapshot v1, https://goo.gl/fbAQLP

exports[`Component - Box renders 1`] = `
<DocumentFragment>
  <div
    class="box"
  >
    Foobar
  </div>
</DocumentFragment>
`;
