// Jest Snapshot v1, https://goo.gl/fbAQLP

exports[`Component - MarketingButton renders 1`] = `
<DocumentFragment>
  <button
    class="box reset-box-sizing reset-font-smoothing button-base button secondary medium"
    data-teamleader-ui="button"
    type="button"
  >
    <span
      class="box ui-text ui-text-body darkest overflow-singleline"
      data-teamleader-ui="ui-text"
    >
      button
    </span>
  </button>
</DocumentFragment>
`;
