// Jest Snapshot v1, https://goo.gl/fbAQLP

exports[`Component - Widget renders 1`] = `
<DocumentFragment>
  <div
    class="box display-flex flex-direction-column"
    data-teamleader-ui="widget"
  >
    <div
      class="box align-items-center background-color-neutral-lightest display-flex padding-bottom-2 padding-left-4 padding-right-4 padding-top-2 white is-medium"
      data-teamleader-ui="island"
      style="border-bottom: 1px solid #e4e4e6; border-left: 1px solid #e4e4e6; border-right: 1px solid #e4e4e6; border-top: 1px solid #e4e4e6; border-radius: 4px; border-top-left-radius: 4px; border-top-right-radius: 4px;"
    >
      This is the header
    </div>
    <div
      class="box background-color-neutral-lightest padding-bottom-4 padding-left-4 padding-right-4 padding-top-4 white"
      data-teamleader-ui="island"
      style="border-bottom: 1px solid #e4e4e6; border-left: 1px solid #e4e4e6; border-right: 1px solid #e4e4e6; border-radius: 4px; border-bottom-left-radius: 4px; border-bottom-right-radius: 4px;"
    >
      This is the body
    </div>
  </div>
</DocumentFragment>
`;
