// Jest Snapshot v1, https://goo.gl/fbAQLP

exports[`Component - Container renders 1`] = `
<DocumentFragment>
  <div
    class="box container"
    data-teamleader-ui="container"
    style="box-sizing: content-box;"
  >
    Foobar
  </div>
</DocumentFragment>
`;
