// Jest Snapshot v1, https://goo.gl/fbAQLP

exports[`Component - Banner renders 1`] = `
<DocumentFragment>
  <div
    class="box padding-bottom-4 padding-left-4 padding-right-4 padding-top-4 white banner"
    color="white"
    data-teamleader-ui="banner"
    style="border-radius: 4px; border-top-left-radius: 4px; border-top-right-radius: 4px; border-bottom-left-radius: 4px; border-bottom-right-radius: 4px;"
  >
    <div
      class="inner"
    >
      <span
        class="box"
        style="flex: 1;"
      >
        Foobar
      </span>
    </div>
  </div>
</DocumentFragment>
`;
