// Jest Snapshot v1, https://goo.gl/fbAQLP

exports[`Component - MarketingLink renders 1`] = `
<DocumentFragment>
  <a
    class="box link"
    data-teamleader-ui="marketing-link"
    href="https://foobar.com"
  >
    Foobar
  </a>
</DocumentFragment>
`;
