// Jest Snapshot v1, https://goo.gl/fbAQLP

exports[`Component - Link renders 1`] = `
<DocumentFragment>
  <a
    class="box reset-font-smoothing link is-inherit"
    data-teamleader-ui="link"
    href="https://foobar.com"
  >
    Foobar
  </a>
</DocumentFragment>
`;
